BARRIO;CALLE_CON_MAS_ARBOLES;ARBOLES
10;Hugo Victor;656
11;Lamarca Emilio;848
12;Miller;647
13;3 de Febrero;664
14;Del Libertador, Av;726
15;Giribone;438
3;Sarandi;402
4;Uspallata;681
5;Treinta y tres Orientales;511
6;Aranguren Juan F. Dr.;422
7;Balbastro;574
8;Roca Cnel. Av.;590
9;Montiel;676
