BARRIO;ARBOLES_POR_HABITANTE
9;0.21
10;0.20
11;0.20
12;0.18
15;0.16
4;0.14
13;0.12
7;0.11
14;0.10
8;0.10
5;0.08
6;0.08
3;0.07
1;0.05
2;0.05
